---
source: lib/functions/tests/unary.rs
expression: "invoke_udf(&registry, BuiltinName::Str, test_vector.into_array())"
---
[
  "http://example.org/foo",
  "myBlank",
  "4e15c8ff3a72491a92c64e7415a11d90",
  "",
  "Plain Literal",
  "ðŸ¤–ðŸ¦€ðŸ¤– Bee Boo Boo Ba Bee Bee ðŸ¤–ðŸ¦€ðŸ¤–",
  "Ã„pfel",
  "Ð¿Ñ€Ð¸Ð²Ñ–Ñ‚",
  "true",
  "false",
  "10",
  "010",
  "0",
  "10",
  "010",
  "0",
  "10",
  "10.0",
  "0",
  "10",
  "10.0",
  "0",
  "10",
  "10.0",
  "0",
]
