---
source: bench/tests/plans/bsbm_explore.rs
expression: "&explanation.optimized_logical_plan.to_string()"
---
Projection: ENC_PT(title) AS title, ENC_PT(text) AS text, ENC_PT(reviewDate) AS reviewDate, ENC_PT(reviewer) AS reviewer, ENC_PT(reviewerName) AS reviewerName, ENC_PT(rating1) AS rating1, ENC_PT(rating2) AS rating2, ENC_PT(rating3) AS rating3, ENC_PT(rating4) AS rating4
  Sort: ENC_SORT(ENC_PT(reviewDate)) DESC NULLS FIRST, fetch=20
    Projection: lhs.title AS title, lhs.text AS text, lhs.reviewDate AS reviewDate, lhs.reviewer AS reviewer, lhs.reviewerName AS reviewerName, lhs.rating1 AS rating1, lhs.rating2 AS rating2, lhs.rating3 AS rating3, rhs.rating4 AS rating4
      Left Join: lhs.review = rhs.review
        SubqueryAlias: lhs
          Projection: lhs.review AS review, lhs.title AS title, lhs.text AS text, lhs.reviewDate AS reviewDate, lhs.reviewer AS reviewer, lhs.reviewerName AS reviewerName, lhs.rating1 AS rating1, lhs.rating2 AS rating2, rhs.rating3 AS rating3
            Left Join: lhs.review = rhs.review
              SubqueryAlias: lhs
                Projection: lhs.review AS review, lhs.title AS title, lhs.text AS text, lhs.reviewDate AS reviewDate, lhs.reviewer AS reviewer, lhs.reviewerName AS reviewerName, lhs.rating1 AS rating1, rhs.rating2 AS rating2
                  Left Join: lhs.review = rhs.review
                    SubqueryAlias: lhs
                      Projection: lhs.review AS review, lhs.title AS title, lhs.text AS text, lhs.reviewDate AS reviewDate, lhs.reviewer AS reviewer, lhs.reviewerName AS reviewerName, rhs.rating1 AS rating1
                        Left Join: lhs.review = rhs.review
                          SubqueryAlias: lhs
                            Projection: lhs.review AS review, lhs.title AS title, lhs.text AS text, lhs.reviewDate AS reviewDate, lhs.reviewer AS reviewer, rhs.reviewerName AS reviewerName
                              Inner Join: lhs.reviewer = rhs.reviewer
                                SubqueryAlias: lhs
                                  Projection: lhs.review AS review, lhs.title AS title, lhs.text AS text, lhs.reviewDate AS reviewDate, rhs.reviewer AS reviewer
                                    Inner Join: lhs.review = rhs.review
                                      SubqueryAlias: lhs
                                        Projection: lhs.review AS review, lhs.title AS title, lhs.text AS text, rhs.reviewDate AS reviewDate
                                          Inner Join: lhs.review = rhs.review
                                            SubqueryAlias: lhs
                                              Projection: lhs.review AS review, lhs.title AS title, rhs.text AS text
                                                Inner Join: lhs.review = rhs.review
                                                  SubqueryAlias: lhs
                                                    Projection: lhs.review AS review, rhs.title AS title
                                                      Inner Join: lhs.review = rhs.review
                                                        SubqueryAlias: lhs
                                                          QuadPattern (?review <http://www4.wiwiss.fu-berlin.de/bizer/bsbm/v01/vocabulary/reviewFor> <http://www4.wiwiss.fu-berlin.de/bizer/bsbm/v01/instances/dataFromProducer12/Product578>)
                                                        SubqueryAlias: rhs
                                                          QuadPattern (?review <http://purl.org/dc/elements/1.1/title> ?title)
                                                  SubqueryAlias: rhs
                                                    Filter: EBV(LANGMATCHES(LANG(ENC_TV(text)), Union 3:{value:EN,language:}))
                                                      QuadPattern (?review <http://purl.org/stuff/rev#text> ?text)
                                            SubqueryAlias: rhs
                                              QuadPattern (?review <http://www4.wiwiss.fu-berlin.de/bizer/bsbm/v01/vocabulary/reviewDate> ?reviewDate)
                                      SubqueryAlias: rhs
                                        QuadPattern (?review <http://purl.org/stuff/rev#reviewer> ?reviewer)
                                SubqueryAlias: rhs
                                  QuadPattern (?reviewer <http://xmlns.com/foaf/0.1/name> ?reviewerName)
                          SubqueryAlias: rhs
                            QuadPattern (?review <http://www4.wiwiss.fu-berlin.de/bizer/bsbm/v01/vocabulary/rating1> ?rating1)
                    SubqueryAlias: rhs
                      QuadPattern (?review <http://www4.wiwiss.fu-berlin.de/bizer/bsbm/v01/vocabulary/rating2> ?rating2)
              SubqueryAlias: rhs
                QuadPattern (?review <http://www4.wiwiss.fu-berlin.de/bizer/bsbm/v01/vocabulary/rating3> ?rating3)
        SubqueryAlias: rhs
          QuadPattern (?review <http://www4.wiwiss.fu-berlin.de/bizer/bsbm/v01/vocabulary/rating4> ?rating4)
