---
source: bench/tests/plans/bsbm_business_intelligence.rs
expression: canonicalize_uuids(&explanation.optimized_logical_plan.to_string())
---
Projection: country AS country, ENC_PT(product) AS product, ENC_PT(nrOfReviews) AS nrOfReviews, ENC_PT(avgPrice) AS avgPrice
  Sort: ENC_SORT(nrOfReviews) DESC NULLS FIRST, ENC_SORT(country) ASC NULLS FIRST, ENC_SORT(ENC_PT(product)) ASC NULLS FIRST
    Projection: lhs.country AS country, lhs.product AS product, lhs.avgPrice AS avgPrice, rhs.nrOfReviews AS nrOfReviews
      Inner Join: lhs.country = rhs.country, lhs.product = rhs.product Filter: EBV(EQ(rhs.nrOfReviews, lhs.maxReviews))
        SubqueryAlias: lhs
          Projection: COALESCE(lhs.country, rhs.country) AS country, lhs.maxReviews AS maxReviews, rhs.product AS product, rhs.avgPrice AS avgPrice
            Inner Join:  Filter: IS_COMPATIBLE(lhs.country, rhs.country)
              SubqueryAlias: lhs
                Projection: ENC_PT(country) AS country, 00000000000000000000000000000001 AS maxReviews
                  Aggregate: groupBy=[[country AS country]], aggr=[[MAX(nrOfReviews) AS 00000000000000000000000000000001]]
                    Projection: country, INT64_AS_TERM(00000000000000000000000000000002) AS nrOfReviews
                      Aggregate: groupBy=[[country AS country, product AS product]], aggr=[[count(review) AS 00000000000000000000000000000002]]
                        Projection: lhs.product AS product, lhs.review AS review, rhs.country AS country
                          Inner Join: lhs.reviewer = rhs.reviewer
                            SubqueryAlias: lhs
                              Projection: lhs.product AS product, lhs.review AS review, rhs.reviewer AS reviewer
                                Inner Join: lhs.review = rhs.review
                                  SubqueryAlias: lhs
                                    Projection: lhs.product AS product, rhs.review AS review
                                      Inner Join: lhs.product = rhs.product
                                        SubqueryAlias: lhs
                                          QuadPattern (?product <http://www.w3.org/1999/02/22-rdf-syntax-ns#type> <http://www4.wiwiss.fu-berlin.de/bizer/bsbm/v01/instances/ProductType111>)
                                        SubqueryAlias: rhs
                                          QuadPattern (?review <http://www4.wiwiss.fu-berlin.de/bizer/bsbm/v01/vocabulary/reviewFor> ?product)
                                  SubqueryAlias: rhs
                                    QuadPattern (?review <http://purl.org/stuff/rev#reviewer> ?reviewer)
                            SubqueryAlias: rhs
                              QuadPattern (?reviewer <http://www4.wiwiss.fu-berlin.de/bizer/bsbm/v01/vocabulary/country> ?country)
              SubqueryAlias: rhs
                Projection: Struct({term_type:,value:,data_type:,language_tag:}) AS country, product, 00000000000000000000000000000003 AS avgPrice
                  Aggregate: groupBy=[[product AS product]], aggr=[[AVG(xsd:float(xsd:string(ENC_TV(price)))) AS 00000000000000000000000000000003]]
                    Projection: lhs.product AS product, rhs.price AS price
                      Inner Join: lhs.offer = rhs.offer
                        SubqueryAlias: lhs
                          Projection: lhs.product AS product, rhs.offer AS offer
                            Inner Join: lhs.product = rhs.product
                              SubqueryAlias: lhs
                                QuadPattern (?product <http://www.w3.org/1999/02/22-rdf-syntax-ns#type> <http://www4.wiwiss.fu-berlin.de/bizer/bsbm/v01/instances/ProductType111>)
                              SubqueryAlias: rhs
                                QuadPattern (?offer <http://www4.wiwiss.fu-berlin.de/bizer/bsbm/v01/vocabulary/product> ?product)
                        SubqueryAlias: rhs
                          QuadPattern (?offer <http://www4.wiwiss.fu-berlin.de/bizer/bsbm/v01/vocabulary/price> ?price)
        SubqueryAlias: rhs
          Projection: ENC_PT(country) AS country, product, INT64_AS_TERM(00000000000000000000000000000004) AS nrOfReviews
            Aggregate: groupBy=[[country AS country, product AS product]], aggr=[[count(review) AS 00000000000000000000000000000004]]
              Projection: lhs.product AS product, lhs.review AS review, rhs.country AS country
                Inner Join: lhs.reviewer = rhs.reviewer
                  SubqueryAlias: lhs
                    Projection: lhs.product AS product, lhs.review AS review, rhs.reviewer AS reviewer
                      Inner Join: lhs.review = rhs.review
                        SubqueryAlias: lhs
                          Projection: lhs.product AS product, rhs.review AS review
                            Inner Join: lhs.product = rhs.product
                              SubqueryAlias: lhs
                                QuadPattern (?product <http://www.w3.org/1999/02/22-rdf-syntax-ns#type> <http://www4.wiwiss.fu-berlin.de/bizer/bsbm/v01/instances/ProductType111>)
                              SubqueryAlias: rhs
                                QuadPattern (?review <http://www4.wiwiss.fu-berlin.de/bizer/bsbm/v01/vocabulary/reviewFor> ?product)
                        SubqueryAlias: rhs
                          QuadPattern (?review <http://purl.org/stuff/rev#reviewer> ?reviewer)
                  SubqueryAlias: rhs
                    QuadPattern (?reviewer <http://www4.wiwiss.fu-berlin.de/bizer/bsbm/v01/vocabulary/country> ?country)
