---
source: bench/tests/plans/bsbm_explore.rs
expression: canonicalize_uuids(&explanation.optimized_logical_plan.to_string())
---
Projection: ENC_PT(productLabel) AS productLabel, ENC_PT(offer) AS offer, ENC_PT(price) AS price, ENC_PT(vendor) AS vendor, ENC_PT(vendorTitle) AS vendorTitle, ENC_PT(review) AS review, ENC_PT(revTitle) AS revTitle, ENC_PT(reviewer) AS reviewer, ENC_PT(revName) AS revName, ENC_PT(rating1) AS rating1, ENC_PT(rating2) AS rating2
  Left Join: 
    Projection: lhs.productLabel AS productLabel, rhs.offer AS offer, rhs.price AS price, rhs.vendor AS vendor, rhs.vendorTitle AS vendorTitle
      Left Join: 
        SubqueryAlias: lhs
          QuadPattern (<http://www4.wiwiss.fu-berlin.de/bizer/bsbm/v01/instances/dataFromProducer17/Product801> <http://www.w3.org/2000/01/rdf-schema#label> ?productLabel)
        SubqueryAlias: rhs
          Projection: lhs.offer AS offer, lhs.price AS price, lhs.vendor AS vendor, lhs.vendorTitle AS vendorTitle
            Inner Join: lhs.offer = rhs.offer
              SubqueryAlias: lhs
                Projection: lhs.offer AS offer, lhs.price AS price, lhs.vendor AS vendor, lhs.vendorTitle AS vendorTitle
                  Inner Join: lhs.offer = rhs.offer, lhs.vendor = rhs.vendor
                    SubqueryAlias: lhs
                      Projection: lhs.offer AS offer, lhs.price AS price, lhs.vendor AS vendor, lhs.vendorTitle AS vendorTitle
                        Inner Join: lhs.vendor = rhs.vendor
                          SubqueryAlias: lhs
                            Projection: lhs.offer AS offer, lhs.price AS price, lhs.vendor AS vendor, rhs.vendorTitle AS vendorTitle
                              Inner Join: lhs.vendor = rhs.vendor
                                SubqueryAlias: lhs
                                  Projection: lhs.offer AS offer, lhs.price AS price, rhs.vendor AS vendor
                                    Inner Join: lhs.offer = rhs.offer
                                      SubqueryAlias: lhs
                                        Projection: lhs.offer AS offer, rhs.price AS price
                                          Inner Join: lhs.offer = rhs.offer
                                            SubqueryAlias: lhs
                                              QuadPattern (?offer <http://www4.wiwiss.fu-berlin.de/bizer/bsbm/v01/vocabulary/product> <http://www4.wiwiss.fu-berlin.de/bizer/bsbm/v01/instances/dataFromProducer17/Product801>)
                                            SubqueryAlias: rhs
                                              QuadPattern (?offer <http://www4.wiwiss.fu-berlin.de/bizer/bsbm/v01/vocabulary/price> ?price)
                                      SubqueryAlias: rhs
                                        QuadPattern (?offer <http://www4.wiwiss.fu-berlin.de/bizer/bsbm/v01/vocabulary/vendor> ?vendor)
                                SubqueryAlias: rhs
                                  QuadPattern (?vendor <http://www.w3.org/2000/01/rdf-schema#label> ?vendorTitle)
                          SubqueryAlias: rhs
                            QuadPattern (?vendor <http://www4.wiwiss.fu-berlin.de/bizer/bsbm/v01/vocabulary/country> <http://downlode.org/rdf/iso-3166/countries#DE>)
                    SubqueryAlias: rhs
                      QuadPattern (?offer <http://purl.org/dc/elements/1.1/publisher> ?vendor)
              SubqueryAlias: rhs
                Projection: offer
                  Filter: EBV(GT(ENC_TV(date), Union 10:{value:6334951680000.0000000000000000,offset:}))
                    QuadPattern (?offer <http://www4.wiwiss.fu-berlin.de/bizer/bsbm/v01/vocabulary/validTo> ?date)
    Projection: lhs.review AS review, lhs.reviewer AS reviewer, lhs.revName AS revName, lhs.revTitle AS revTitle, lhs.rating1 AS rating1, rhs.rating2 AS rating2
      Left Join: lhs.review = rhs.review
        SubqueryAlias: lhs
          Projection: lhs.review AS review, lhs.reviewer AS reviewer, lhs.revName AS revName, lhs.revTitle AS revTitle, rhs.rating1 AS rating1
            Left Join: lhs.review = rhs.review
              SubqueryAlias: lhs
                Projection: lhs.review AS review, lhs.reviewer AS reviewer, lhs.revName AS revName, rhs.revTitle AS revTitle
                  Inner Join: lhs.review = rhs.review
                    SubqueryAlias: lhs
                      Projection: lhs.review AS review, lhs.reviewer AS reviewer, rhs.revName AS revName
                        Inner Join: lhs.reviewer = rhs.reviewer
                          SubqueryAlias: lhs
                            Projection: lhs.review AS review, rhs.reviewer AS reviewer
                              Inner Join: lhs.review = rhs.review
                                SubqueryAlias: lhs
                                  QuadPattern (?review <http://www4.wiwiss.fu-berlin.de/bizer/bsbm/v01/vocabulary/reviewFor> <http://www4.wiwiss.fu-berlin.de/bizer/bsbm/v01/instances/dataFromProducer17/Product801>)
                                SubqueryAlias: rhs
                                  QuadPattern (?review <http://purl.org/stuff/rev#reviewer> ?reviewer)
                          SubqueryAlias: rhs
                            QuadPattern (?reviewer <http://xmlns.com/foaf/0.1/name> ?revName)
                    SubqueryAlias: rhs
                      QuadPattern (?review <http://purl.org/dc/elements/1.1/title> ?revTitle)
              SubqueryAlias: rhs
                QuadPattern (?review <http://www4.wiwiss.fu-berlin.de/bizer/bsbm/v01/vocabulary/rating1> ?rating1)
        SubqueryAlias: rhs
          QuadPattern (?review <http://www4.wiwiss.fu-berlin.de/bizer/bsbm/v01/vocabulary/rating2> ?rating2)
