---
source: bench/tests/plans/bsbm_explore.rs
expression: canonicalize_uuids(&explanation.optimized_logical_plan.to_string())
---
Projection: ENC_PT(first_value(product) ORDER BY [ENC_SORT(ENC_PT(label)) ASC NULLS FIRST, product ASC NULLS FIRST]) AS product, ENC_PT(first_value(label) ORDER BY [ENC_SORT(ENC_PT(label)) ASC NULLS FIRST, product ASC NULLS FIRST]) AS label
  Sort: ENC_SORT(ENC_PT(label)) ASC NULLS FIRST, product ASC NULLS FIRST, fetch=10
    Aggregate: groupBy=[[__common_expr_1 AS ENC_SORT(ENC_PT(label)), product]], aggr=[[first_value(product) ORDER BY [__common_expr_1 AS ENC_SORT(ENC_PT(label)) ASC NULLS FIRST, product ASC NULLS FIRST] AS first_value(product) ORDER BY [ENC_SORT(ENC_PT(label)) ASC NULLS FIRST, product ASC NULLS FIRST], first_value(label) ORDER BY [__common_expr_1 AS ENC_SORT(ENC_PT(label)) ASC NULLS FIRST, product ASC NULLS FIRST] AS first_value(label) ORDER BY [ENC_SORT(ENC_PT(label)) ASC NULLS FIRST, product ASC NULLS FIRST]]]
      Projection: ENC_SORT(ENC_PT(label)) AS __common_expr_1, product, label
        Sort: ENC_SORT(ENC_PT(label)) ASC NULLS FIRST
          Projection: lhs.product AS product, lhs.label AS label
            Inner Join: lhs.product = rhs.product
              SubqueryAlias: lhs
                Projection: lhs.product AS product, lhs.label AS label
                  Inner Join: lhs.product = rhs.product
                    SubqueryAlias: lhs
                      Projection: lhs.product AS product, lhs.label AS label
                        Inner Join: lhs.product = rhs.product
                          SubqueryAlias: lhs
                            Projection: lhs.product AS product, lhs.label AS label
                              Inner Join: lhs.product = rhs.product
                                SubqueryAlias: lhs
                                  QuadPattern (?product <http://www.w3.org/2000/01/rdf-schema#label> ?label), active_graph: Union of [DefaultGraph] 
                                SubqueryAlias: rhs
                                  QuadPattern (?product <http://www.w3.org/1999/02/22-rdf-syntax-ns#type> <http://www4.wiwiss.fu-berlin.de/bizer/bsbm/v01/instances/ProductType66>), active_graph: Union of [DefaultGraph] 
                          SubqueryAlias: rhs
                            QuadPattern (?product <http://www4.wiwiss.fu-berlin.de/bizer/bsbm/v01/vocabulary/productFeature> <http://www4.wiwiss.fu-berlin.de/bizer/bsbm/v01/instances/ProductFeature3>), active_graph: Union of [DefaultGraph] 
                    SubqueryAlias: rhs
                      QuadPattern (?product <http://www4.wiwiss.fu-berlin.de/bizer/bsbm/v01/vocabulary/productFeature> <http://www4.wiwiss.fu-berlin.de/bizer/bsbm/v01/instances/ProductFeature1967>), active_graph: Union of [DefaultGraph] 
              SubqueryAlias: rhs
                Projection: product
                  Filter: EBV(GT(ENC_TV(value1), Union 9:136))
                    QuadPattern (?product <http://www4.wiwiss.fu-berlin.de/bizer/bsbm/v01/vocabulary/productPropertyNumeric1> ?value1), active_graph: Union of [DefaultGraph]
